Computing Integrals
Elapsed time:    3.86 Seconds

Number of basis functions                   (NBF)    = 114
Number of auxiliary basis functions         (NBFAUX) = 558
Inactive Doubly occupied orbitals up to     (NO1)    = 0
No. considered Strongly Doubly occupied MOs (NDOC)   = 21
No. considered Strongly Singly occupied MOs (NSOC)   = 0
NO. of Weakly occ. per St. Doubly occ.  MOs (NCWO)   = 4
Dimension of the Nat. Orb. subspace         (NBF5)   = 105
No. of electrons                                     = 42
    No. of alpha electrons                           = 21
    No. of beta electrons                            = 21
Multiplicity                                         = 1

Geometry
========
 C       1.2116068      -0.6995215       0.0000000
 C       1.2116068       0.6995215       0.0000000
 C       0.0000000       1.3990430       0.0000000
 C      -1.2116068       0.6995215      -0.0000000
 C      -1.2116068      -0.6995215      -0.0000000
 C      -0.0000000      -1.3990430      -0.0000000
 H       2.1489399      -1.2406910       0.0000000
 H       2.1489399       1.2406910       0.0000000
 H       0.0000000       2.4813820       0.0000000
 H      -2.1489399       1.2406910      -0.0000000
 H      -2.1489399      -1.2406910      -0.0000000
 H      -0.0000000      -2.4813820      -0.0000000

No violations of the orthonormality
No violations of the orthonormality
 
PNOF4/ADABelief Calculation
==================
 
  Nitext  Nit_orb  Time   Nit_occ  Time         Eelec          Etot           Ediff      maxdiff    MaxGrad_orb  Grad_occ
     1      10    1.1e+01   11    1.2e+01  -426.81355653  -223.79464003 -10425.81355653   0.264130   1.1e+00   1.7e-04 0.00
     2      10    1.5e+00   17    1.3e+00  -432.08987737  -229.07096087    -5.27632084   0.097719   3.9e-01   2.6e-04 0.00
     3      10    1.4e+00   11    9.1e-01  -433.23426564  -230.21534914    -1.14438827   0.086080   3.4e-01   1.8e-04 0.01
     4      10    1.4e+00    7    6.4e-01  -433.72985675  -230.71094025    -0.49559111   0.044419   1.8e-01   2.1e-04 0.01
     5      10    1.6e+00    3    3.4e-01  -433.78233064  -230.76341413    -0.05247389   0.020084   8.0e-02   1.8e-04 0.01
     6      10    1.5e+00    5    5.0e-01  -433.78556522  -230.76664872    -0.00323458   0.016289   6.5e-02   1.4e-04 0.01
     7      10    1.4e+00    0    5.1e-02  -433.78589173  -230.76697523    -0.00032651   0.016289   6.5e-02   1.4e-04 0.01
     8      30    4.1e+00    2    2.9e-01  -433.79556756  -230.77665105    -0.00967582   0.000094   3.7e-04   1.4e-04 0.01
     9      30    4.3e+00    2    3.1e-01  -433.79587099  -230.77695449    -0.00030344   0.000044   1.8e-04   1.6e-04 0.01
    10      30    4.7e+00    2    3.8e-01  -433.79599822  -230.77708171    -0.00012722   0.000048   1.9e-04   1.6e-04 0.01
    11      30    4.6e+00    0    1.0e-01  -433.79608874  -230.77717224    -0.00009052   0.000019   7.5e-05   1.6e-04 0.01
 
RESULTS OF THE OCCUPATION OPTIMIZATION
========================================
   1    1.9999912  -11.23085724
   2    1.9999916  -11.22954242
   3    1.9999909  -11.22950010
   4    1.9999912  -11.22708562
   5    1.9999902  -11.22655222
   6    1.9999901  -11.22577295
   7    1.9985190  -0.91328383
   8    1.9979453  -0.73564730
   9    1.9984379  -0.96475389
  10    1.9983502  -0.80414163
  11    1.9981629  -0.79600642
  12    1.9979969  -0.60051020
  13    1.9971148  -0.54554293
  14    1.9968211  -0.53747970
  15    1.9979891  -0.79206679
  16    1.9969802  -0.61188709
  17    1.9972825  -0.65469472
  18    1.9930819  -0.50114136
  19    1.9986412  -1.02846950
  20    1.9904644  -0.33933469
  21    1.9948290  -0.34096014
  22    0.0048190  -0.00209582
  23    0.0093627  -0.00589662
  24    0.0011798  -0.00076538
  25    0.0066784  -0.00477792
  26    0.0020779  -0.00132316
  27    0.0022055  -0.00136058
  28    0.0017867  -0.00120779
  29    0.0023581  -0.00141095
  30    0.0026067  -0.00145863
  31    0.0011024  -0.00070040
  32    0.0009590  -0.00066820
  33    0.0008781  -0.00056305
  34    0.0006624  -0.00054102
  35    0.0014005  -0.00093335
  36    0.0006858  -0.00053377
  37    0.0000032  -0.00001483
  38    0.0000029  -0.00001347
  39    0.0000028  -0.00001338
  40    0.0000034  -0.00001506
  41    0.0000030  -0.00001359
  42    0.0000041  -0.00001694
  43    0.0002275  -0.00017198
  44    0.0000785  -0.00008999
  45    0.0001041  -0.00011565
  46    0.0001781  -0.00017393
  47    0.0005628  -0.00045947
  48    0.0006672  -0.00051759
  49    0.0001627  -0.00014468
  50    0.0007329  -0.00052190
  51    0.0001411  -0.00013980
  52    0.0004863  -0.00038116
  53    0.0004887  -0.00036159
  54    0.0006092  -0.00047303
  55    0.0004330  -0.00032206
  56    0.0003401  -0.00025713
  57    0.0003862  -0.00027806
  58    0.0000023  -0.00001143
  59    0.0000027  -0.00001233
  60    0.0000023  -0.00001104
  61    0.0000021  -0.00000995
  62    0.0000020  -0.00000903
  63    0.0000018  -0.00000757
  64    0.0000890  -0.00009699
  65    0.0000667  -0.00007762
  66    0.0000503  -0.00006834
  67    0.0000434  -0.00005193
  68    0.0000492  -0.00006002
  69    0.0000923  -0.00009983
  70    0.0000374  -0.00005127
  71    0.0000610  -0.00007618
  72    0.0001014  -0.00011205
  73    0.0003523  -0.00025839
  74    0.0002776  -0.00024931
  75    0.0001289  -0.00012643
  76    0.0004212  -0.00031554
  77    0.0002742  -0.00026843
  78    0.0002316  -0.00025119
  79    0.0000022  -0.00001074
  80    0.0000023  -0.00001095
  81    0.0000019  -0.00000790
  82    0.0000021  -0.00000977
  83    0.0000018  -0.00000763
  84    0.0000015  -0.00000431
  85    0.0000355  -0.00004097
  86    0.0000277  -0.00003757
  87    0.0000245  -0.00003355
  88    0.0000183  -0.00003262
  89    0.0000276  -0.00003522
  90    0.0000548  -0.00007109
  91    0.0000241  -0.00003371
  92    0.0000269  -0.00003691
  93    0.0000360  -0.00004303
  94    0.0000622  -0.00007502
  95    0.0001118  -0.00011911
  96    0.0000335  -0.00003986
  97    0.0000455  -0.00006347
  98    0.0000399  -0.00005225
  99    0.0001774  -0.00016261
 100    0.0000021  -0.00001065
 101    0.0000020  -0.00000922
 102    0.0000018  -0.00000765
 103    0.0000014  -0.00000316
 104    0.0000016  -0.00000552
 105    0.0000014  -0.00000354
 
----------------
 Final Energies 
----------------
Final NOF Total Energy =    -230.7771722
 
Total Orbital Internal Iterations = 190
Total Occupation Internal Iterations = 60
 
Elapsed time:   63.34 Seconds

---------------------------------
   Lowdin Population Analysis    
---------------------------------
 Idx  Atom   Population   Charge 
---------------------------------
  1     C     6.152      -0.152
  2     C     6.153      -0.153
  3     C     6.153      -0.153
  4     C     6.153      -0.153
  5     C     6.153      -0.153
  6     C     6.153      -0.153
  7     H     0.847       0.153
  8     H     0.847       0.153
  9     H     0.847       0.153
 10     H     0.847       0.153
 11     H     0.847       0.153
 12     H     0.847       0.153

---------------------------------
   M Diagnostic: 0.01
---------------------------------

