Computing Integrals
Elapsed time:    2.68 Seconds

Number of basis functions                   (NBF)    = 114
Number of auxiliary basis functions         (NBFAUX) = 558
Inactive Doubly occupied orbitals up to     (NO1)    = 0
No. considered Strongly Doubly occupied MOs (NDOC)   = 21
No. considered Strongly Singly occupied MOs (NSOC)   = 0
NO. of Weakly occ. per St. Doubly occ.  MOs (NCWO)   = 4
Dimension of the Nat. Orb. subspace         (NBF5)   = 105
No. of electrons                                     = 42
    No. of alpha electrons                           = 21
    No. of beta electrons                            = 21
Multiplicity                                         = 1

Geometry
========
 C       1.2116068      -0.6995215       0.0000000
 C       1.2116068       0.6995215       0.0000000
 C       0.0000000       1.3990430       0.0000000
 C      -1.2116068       0.6995215      -0.0000000
 C      -1.2116068      -0.6995215      -0.0000000
 C      -0.0000000      -1.3990430      -0.0000000
 H       2.1489399      -1.2406910       0.0000000
 H       2.1489399       1.2406910       0.0000000
 H       0.0000000       2.4813820       0.0000000
 H      -2.1489399       1.2406910      -0.0000000
 H      -2.1489399      -1.2406910      -0.0000000
 H      -0.0000000      -2.4813820      -0.0000000

No violations of the orthonormality
No violations of the orthonormality
 
PNOF7/ADABelief Calculation
==================
 
  Nitext  Nit_orb  Time   Nit_occ  Time         Eelec          Etot           Ediff      maxdiff    MaxGrad_orb  Grad_occ
     1      10    1.1e+01   12    1.2e+01  -428.62439057  -225.60547406 -10427.62439057   0.190431   7.6e-01   1.8e-04 0.01
     2      10    1.4e+00   24    1.9e-01  -433.35008177  -230.33116526    -4.72569120   0.076091   3.0e-01   1.7e-04 0.06
     3      10    1.4e+00   21    2.0e-01  -434.01329156  -230.99437506    -0.66320980   0.021522   8.6e-02   3.4e-04 0.15
     4      10    1.4e+00   27    1.8e-01  -434.10472006  -231.08580356    -0.09142850   0.015214   6.1e-02   2.1e-04 0.20
     5      10    1.4e+00   15    1.1e-01  -434.13103030  -231.11211379    -0.02631023   0.015750   6.3e-02   2.0e-04 0.21
     6      10    1.4e+00    6    4.2e-02  -434.13571362  -231.11679712    -0.00468332   0.014391   5.8e-02   3.3e-04 0.21
     7      10    1.8e+00    9    1.3e-01  -434.13654901  -231.11763251    -0.00083539   0.013694   5.5e-02   2.5e-04 0.21
     8      10    2.1e+00    7    1.1e-01  -434.13714421  -231.11822770    -0.00059520   0.015692   6.3e-02   2.8e-04 0.21
     9      10    1.7e+00    8    5.6e-02  -434.13771124  -231.11879474    -0.00056703   0.012934   5.2e-02   1.7e-04 0.22
    10      10    1.4e+00    4    3.6e-02  -434.13806552  -231.11914901    -0.00035427   0.013250   5.3e-02   2.2e-04 0.22
    11      10    1.5e+00    0    3.2e-02  -434.13809218  -231.11917567    -0.00002666   0.013250   5.3e-02   2.2e-04 0.22
    12      16    2.1e+00    1    3.7e-02  -434.14707300  -231.12815649    -0.00898082   0.000423   1.7e-03   2.5e-04 0.22
 
RESULTS OF THE OCCUPATION OPTIMIZATION
========================================
   1    1.9999650  -11.21913678
   2    1.9999627  -11.21887640
   3    1.9999680  -11.21767006
   4    1.9999639  -11.21703918
   5    1.9999593  -11.21342492
   6    1.9999616  -11.21299840
   7    1.9778708  -0.82612428
   8    1.9758413  -0.82478057
   9    1.9745808  -0.82233549
  10    1.9761209  -0.82125660
  11    1.9760753  -0.81882752
  12    1.9742715  -0.81853640
  13    1.9675743  -0.69243098
  14    1.9677295  -0.69179244
  15    1.9670642  -0.69178275
  16    1.9690330  -0.69129505
  17    1.9690315  -0.69119879
  18    1.9671698  -0.69105872
  19    1.8954408  -0.44745309
  20    1.7895376  -0.38135931
  21    1.7780984  -0.37554196
  22    0.2205120  -0.06011642
  23    0.2069649  -0.05759032
  24    0.0999647  -0.03266141
  25    0.0235965  -0.01680983
  26    0.0222005  -0.01612121
  27    0.0221787  -0.01610970
  28    0.0236624  -0.01686815
  29    0.0231060  -0.01658589
  30    0.0232274  -0.01664638
  31    0.0190266  -0.01580474
  32    0.0178903  -0.01509679
  33    0.0178142  -0.01507278
  34    0.0185467  -0.01555469
  35    0.0192209  -0.01590493
  36    0.0176426  -0.01493169
  37    0.0000160  -0.00018127
  38    0.0000151  -0.00017753
  39    0.0000158  -0.00017793
  40    0.0000129  -0.00016226
  41    0.0000152  -0.00017304
  42    0.0000154  -0.00017355
  43    0.0007028  -0.00046066
  44    0.0029031  -0.00175765
  45    0.0036258  -0.00206977
  46    0.0046658  -0.00444161
  47    0.0044134  -0.00426298
  48    0.0044252  -0.00426730
  49    0.0046523  -0.00444638
  50    0.0046406  -0.00441270
  51    0.0046265  -0.00441868
  52    0.0033857  -0.00356078
  53    0.0031537  -0.00335991
  54    0.0029429  -0.00322079
  55    0.0031406  -0.00336023
  56    0.0034372  -0.00359394
  57    0.0030656  -0.00327779
  58    0.0000089  -0.00010121
  59    0.0000099  -0.00010956
  60    0.0000078  -0.00009353
  61    0.0000070  -0.00008629
  62    0.0000091  -0.00010129
  63    0.0000083  -0.00009510
  64    0.0004273  -0.00036155
  65    0.0003761  -0.00040856
  66    0.0005771  -0.00052581
  67    0.0029217  -0.00316044
  68    0.0027058  -0.00294283
  69    0.0026734  -0.00291747
  70    0.0028738  -0.00312814
  71    0.0028792  -0.00311085
  72    0.0027769  -0.00304516
  73    0.0025149  -0.00289939
  74    0.0021009  -0.00256139
  75    0.0023296  -0.00270828
  76    0.0028871  -0.00314124
  77    0.0007923  -0.00118045
  78    0.0008049  -0.00118373
  79    0.0000073  -0.00007201
  80    0.0000082  -0.00007869
  81    0.0000069  -0.00007020
  82    0.0000067  -0.00006082
  83    0.0000069  -0.00007544
  84    0.0000067  -0.00006839
  85    0.0002595  -0.00031336
  86    0.0002183  -0.00026792
  87    0.0003917  -0.00044259
  88    0.0016462  -0.00195723
  89    0.0016487  -0.00196167
  90    0.0016897  -0.00199218
  91    0.0017474  -0.00202416
  92    0.0016446  -0.00195383
  93    0.0017950  -0.00205300
  94    0.0008013  -0.00117865
  95    0.0007798  -0.00115163
  96    0.0007924  -0.00116075
  97    0.0008448  -0.00120127
  98    0.0007083  -0.00102032
  99    0.0006161  -0.00092421
 100    0.0000063  -0.00004169
 101    0.0000075  -0.00007400
 102    0.0000056  -0.00004044
 103    0.0000054  -0.00003836
 104    0.0000060  -0.00005080
 105    0.0000046  -0.00002127
 
----------------
 Final Energies 
----------------
Final NOF Total Energy =    -231.1281565
 
Total Orbital Internal Iterations = 126
Total Occupation Internal Iterations = 134
 
Elapsed time:   49.89 Seconds

---------------------------------
   Lowdin Population Analysis    
---------------------------------
 Idx  Atom   Population   Charge 
---------------------------------
  1     C     6.134      -0.134
  2     C     6.134      -0.134
  3     C     6.142      -0.142
  4     C     6.142      -0.142
  5     C     6.134      -0.134
  6     C     6.135      -0.135
  7     H     0.864       0.136
  8     H     0.863       0.137
  9     H     0.862       0.138
 10     H     0.862       0.138
 11     H     0.863       0.137
 12     H     0.864       0.136

---------------------------------
   M Diagnostic: 0.22
---------------------------------

