Computing Integrals
Elapsed time:    2.59 Seconds

Number of basis functions                   (NBF)    = 114
Number of auxiliary basis functions         (NBFAUX) = 558
Inactive Doubly occupied orbitals up to     (NO1)    = 0
No. considered Strongly Doubly occupied MOs (NDOC)   = 21
No. considered Strongly Singly occupied MOs (NSOC)   = 0
NO. of Weakly occ. per St. Doubly occ.  MOs (NCWO)   = 4
Dimension of the Nat. Orb. subspace         (NBF5)   = 105
No. of electrons                                     = 42
    No. of alpha electrons                           = 21
    No. of beta electrons                            = 21
Multiplicity                                         = 1

Geometry
========
 C       1.2116068      -0.6995215       0.0000000
 C       1.2116068       0.6995215       0.0000000
 C       0.0000000       1.3990430       0.0000000
 C      -1.2116068       0.6995215      -0.0000000
 C      -1.2116068      -0.6995215      -0.0000000
 C      -0.0000000      -1.3990430      -0.0000000
 H       2.1489399      -1.2406910       0.0000000
 H       2.1489399       1.2406910       0.0000000
 H       0.0000000       2.4813820       0.0000000
 H      -2.1489399       1.2406910      -0.0000000
 H      -2.1489399      -1.2406910      -0.0000000
 H      -0.0000000      -2.4813820      -0.0000000

No violations of the orthonormality
No violations of the orthonormality
 
PNOF5/ADABelief Calculation
==================
 
  Nitext  Nit_orb  Time   Nit_occ  Time         Eelec          Etot           Ediff      maxdiff    MaxGrad_orb  Grad_occ
     1      10    1.0e+01   15    1.1e+01  -428.70618536  -225.68726885 -10427.70618536   0.220780   8.8e-01   2.0e-04 0.01
     2      10    1.4e+00   20    1.9e-01  -433.56367359  -230.54475709    -4.85748824   0.068351   2.7e-01   2.3e-04 0.02
     3      10    1.3e+00   19    1.8e-01  -433.92875526  -230.90983875    -0.36508167   0.022370   8.9e-02   2.1e-04 0.04
     4      10    1.5e+00   10    8.1e-02  -433.98313292  -230.96421642    -0.05437766   0.016741   6.7e-02   3.1e-04 0.04
     5      10    1.5e+00    9    7.7e-02  -433.99866174  -230.97974524    -0.01552882   0.015207   6.1e-02   2.9e-04 0.04
     6      10    1.5e+00    7    9.1e-02  -434.00363438  -230.98471788    -0.00497264   0.014410   5.8e-02   2.8e-04 0.04
     7      10    1.4e+00   10    8.2e-02  -434.00689631  -230.98797981    -0.00326193   0.013312   5.3e-02   2.2e-04 0.05
     8      10    1.4e+00    4    5.2e-02  -434.00864217  -230.98972567    -0.00174586   0.013059   5.2e-02   2.3e-04 0.05
     9      10    1.4e+00    6    1.1e-01  -434.00888685  -230.98997035    -0.00024468   0.013422   5.4e-02   2.2e-04 0.05
    10      10    1.4e+00    0    5.3e-02  -434.00897446  -230.99005796    -0.00008761   0.013422   5.4e-02   2.2e-04 0.05
    11      16    2.2e+00    3    7.0e-02  -434.01852137  -230.99960486    -0.00954691   0.000358   1.4e-03   2.2e-04 0.05
 
RESULTS OF THE OCCUPATION OPTIMIZATION
========================================
   1    1.9999983  -11.23394139
   2    1.9999978  -11.23309008
   3    1.9999977  -11.23253279
   4    1.9999972  -11.23241213
   5    1.9999983  -11.23219846
   6    1.9999982  -11.23204804
   7    1.9905362  -0.81986283
   8    1.9904194  -0.81904741
   9    1.9903408  -0.81792625
  10    1.9903008  -0.81760263
  11    1.9788862  -0.69281686
  12    1.9789004  -0.69235162
  13    1.9786458  -0.68931089
  14    1.9787092  -0.68924066
  15    1.9786208  -0.68902992
  16    1.9786405  -0.68895206
  17    1.9860808  -0.64030701
  18    1.9863409  -0.63768009
  19    1.9860968  -0.63533605
  20    1.9856239  -0.62977074
  21    1.9523912  -0.33856440
  22    0.0471977  -0.01470394
  23    0.0124909  -0.00926039
  24    0.0119962  -0.00907736
  25    0.0118537  -0.00902203
  26    0.0119583  -0.00912991
  27    0.0144831  -0.01177069
  28    0.0143840  -0.01174306
  29    0.0142325  -0.01169605
  30    0.0143683  -0.01174111
  31    0.0144591  -0.01181988
  32    0.0144850  -0.01183683
  33    0.0075330  -0.00810421
  34    0.0075263  -0.00810078
  35    0.0074910  -0.00807995
  36    0.0075223  -0.00810113
  37    0.0000006  -0.00001897
  38    0.0000005  -0.00001758
  39    0.0000012  -0.00002607
  40    0.0000009  -0.00002248
  41    0.0000009  -0.00002264
  42    0.0000006  -0.00001822
  43    0.0003192  -0.00023298
  44    0.0014075  -0.00131423
  45    0.0013887  -0.00133338
  46    0.0013640  -0.00129856
  47    0.0013964  -0.00134601
  48    0.0031104  -0.00333826
  49    0.0031672  -0.00336138
  50    0.0032065  -0.00337532
  51    0.0031774  -0.00336487
  52    0.0031110  -0.00333282
  53    0.0031072  -0.00333100
  54    0.0010951  -0.00142503
  55    0.0010790  -0.00140706
  56    0.0010835  -0.00140707
  57    0.0011500  -0.00146189
  58    0.0000004  -0.00000536
  59    0.0000004  -0.00000498
  60    0.0000006  -0.00000544
  61    0.0000005  -0.00000648
  62    0.0000005  -0.00000500
  63    0.0000004  -0.00000417
  64    0.0000494  -0.00004730
  65    0.0002903  -0.00038501
  66    0.0002883  -0.00037096
  67    0.0002560  -0.00035640
  68    0.0003399  -0.00044284
  69    0.0020983  -0.00240972
  70    0.0021313  -0.00242622
  71    0.0021626  -0.00242769
  72    0.0021256  -0.00241438
  73    0.0018134  -0.00216853
  74    0.0018177  -0.00218105
  75    0.0006342  -0.00088703
  76    0.0006170  -0.00085878
  77    0.0005696  -0.00080279
  78    0.0004774  -0.00073740
  79    0.0000004  -0.00000141
  80    0.0000004  -0.00000129
  81    0.0000005  -0.00000337
  82    0.0000004  -0.00000161
  83    0.0000004  -0.00000178
  84    0.0000004  -0.00000059
  85    0.0000425  -0.00005020
  86    0.0001874  -0.00026434
  87    0.0002300  -0.00031491
  88    0.0001854  -0.00025267
  89    0.0002246  -0.00031136
  90    0.0016678  -0.00203224
  91    0.0016968  -0.00204689
  92    0.0016893  -0.00202151
  93    0.0016829  -0.00203584
  94    0.0017161  -0.00204156
  95    0.0017039  -0.00203241
  96    0.0004370  -0.00071332
  97    0.0004369  -0.00071362
  98    0.0004364  -0.00070844
  99    0.0003141  -0.00054284
 100    0.0000004  -0.00000038
 101    0.0000004  -0.00000013
 102    0.0000005  -0.00000154
 103    0.0000004  -0.00000144
 104    0.0000004  -0.00000001
 105    0.0000004  -0.00000151
 
----------------
 Final Energies 
----------------
Final NOF Total Energy =    -230.9996049
 
Total Orbital Internal Iterations = 116
Total Occupation Internal Iterations = 103
 
Elapsed time:   46.26 Seconds

---------------------------------
   Lowdin Population Analysis    
---------------------------------
 Idx  Atom   Population   Charge 
---------------------------------
  1     C     6.133      -0.133
  2     C     6.146      -0.146
  3     C     6.145      -0.145
  4     C     6.135      -0.135
  5     C     6.145      -0.145
  6     C     6.146      -0.146
  7     H     0.858       0.142
  8     H     0.858       0.142
  9     H     0.858       0.142
 10     H     0.859       0.141
 11     H     0.858       0.142
 12     H     0.858       0.142

---------------------------------
   M Diagnostic: 0.05
---------------------------------

