Computing Integrals
Elapsed time:    4.31 Seconds

Number of basis functions                   (NBF)    = 114
Number of auxiliary basis functions         (NBFAUX) = 558
Inactive Doubly occupied orbitals up to     (NO1)    = 0
No. considered Strongly Doubly occupied MOs (NDOC)   = 21
No. considered Strongly Singly occupied MOs (NSOC)   = 0
NO. of Weakly occ. per St. Doubly occ.  MOs (NCWO)   = 4
Dimension of the Nat. Orb. subspace         (NBF5)   = 105
No. of electrons                                     = 42
    No. of alpha electrons                           = 21
    No. of beta electrons                            = 21
Multiplicity                                         = 1

Geometry
========
 C       1.2116068      -0.6995215       0.0000000
 C       1.2116068       0.6995215       0.0000000
 C       0.0000000       1.3990430       0.0000000
 C      -1.2116068       0.6995215      -0.0000000
 C      -1.2116068      -0.6995215      -0.0000000
 C      -0.0000000      -1.3990430      -0.0000000
 H       2.1489399      -1.2406910       0.0000000
 H       2.1489399       1.2406910       0.0000000
 H       0.0000000       2.4813820       0.0000000
 H      -2.1489399       1.2406910      -0.0000000
 H      -2.1489399      -1.2406910      -0.0000000
 H      -0.0000000      -2.4813820      -0.0000000

No violations of the orthonormality
No violations of the orthonormality
 
PNOF9/ADABelief Calculation
==================
 
  Nitext  Nit_orb  Time   Nit_occ  Time         Eelec          Etot           Ediff      maxdiff    MaxGrad_orb  Grad_occ
     1      10    1.0e+01    6    1.1e+01  -427.22073581  -224.20181930 -10426.22073581   0.257938   1.0e+00   2.7e-04 0.00
     2      10    1.5e+00   44    3.3e-01  -432.16278053  -229.14386402    -4.94204472   0.095049   3.8e-01   2.5e-04 0.03
     3      10    1.4e+00   30    2.5e-01  -433.84393093  -230.82501442    -1.68115040   0.089413   3.6e-01   2.4e-04 0.03
     4      10    1.3e+00   34    2.6e-01  -434.34718730  -231.32827080    -0.50325637   0.112326   4.5e-01   2.8e-04 0.03
     5      10    1.5e+00   14    1.5e-01  -434.51876239  -231.49984589    -0.17157509   0.066006   2.6e-01   2.2e-04 0.03
     6      10    1.5e+00   14    1.1e-01  -434.56819910  -231.54928260    -0.04943671   0.020170   8.1e-02   1.9e-04 0.03
     7      10    1.4e+00   12    1.5e-01  -434.58112813  -231.56221162    -0.01292903   0.015860   6.3e-02   1.9e-04 0.03
     8      10    1.4e+00   11    1.0e-01  -434.58593559  -231.56701908    -0.00480746   0.013391   5.4e-02   1.8e-04 0.03
     9      10    1.4e+00   10    1.5e-01  -434.58881037  -231.56989387    -0.00287478   0.013424   5.4e-02   2.2e-04 0.03
    10      10    1.3e+00   10    1.5e-01  -434.59051270  -231.57159620    -0.00170233   0.015451   6.2e-02   1.8e-04 0.03
    11      10    1.3e+00   10    1.6e-01  -434.59213914  -231.57322263    -0.00162643   0.015263   6.1e-02   1.5e-04 0.03
    12      10    1.4e+00    7    7.6e-02  -434.59338560  -231.57446910    -0.00124647   0.013800   5.5e-02   2.6e-04 0.03
    13      10    1.4e+00    7    1.4e-01  -434.59430361  -231.57538710    -0.00091800   0.014184   5.7e-02   2.2e-04 0.03
    14      10    1.5e+00    9    9.3e-02  -434.59542367  -231.57650716    -0.00112006   0.014450   5.8e-02   2.1e-04 0.03
    15      10    1.5e+00    7    8.8e-02  -434.59597176  -231.57705526    -0.00054810   0.013554   5.4e-02   1.8e-04 0.03
    16      10    1.5e+00    0    9.9e-02  -434.59604775  -231.57713124    -0.00007598   0.013554   5.4e-02   1.8e-04 0.03
    17      16    2.1e+00    7    1.4e-01  -434.60503700  -231.58612049    -0.00898925   0.000393   1.6e-03   1.8e-04 0.03
 
RESULTS OF THE OCCUPATION OPTIMIZATION
========================================
   1    1.9998905  -11.23479503
   2    1.9998849  -11.23452794
   3    1.9999022  -11.23415899
   4    1.9999143  -11.23414612
   5    1.9999015  -11.23410387
   6    1.9998914  -11.23323275
   7    1.9818607  -1.10404317
   8    1.9827335  -1.00654462
   9    1.9795371  -0.93871815
  10    1.9758359  -0.83331660
  11    1.9767044  -0.81155706
  12    1.9740951  -0.66356451
  13    1.9732980  -0.65457721
  14    1.9732575  -0.65389115
  15    1.9728153  -0.64571833
  16    1.9723224  -0.63386590
  17    1.9722905  -0.62372906
  18    1.9708095  -0.60510039
  19    1.9645428  -0.41865039
  20    1.9648254  -0.41614053
  21    1.9650891  -0.41317128
  22    0.0322246  -0.03510233
  23    0.0306506  -0.03390398
  24    0.0298963  -0.03319427
  25    0.0163341  -0.02294136
  26    0.0181299  -0.02093382
  27    0.0195203  -0.02206745
  28    0.0180146  -0.02066004
  29    0.0210970  -0.02783005
  30    0.0193296  -0.02621777
  31    0.0215871  -0.02804820
  32    0.0154814  -0.01913564
  33    0.0175519  -0.02552025
  34    0.0135725  -0.01756843
  35    0.0065552  -0.00936641
  36    0.0119601  -0.01840597
  37    0.0000350  -0.00035590
  38    0.0000333  -0.00032077
  39    0.0000454  -0.00042082
  40    0.0000426  -0.00040499
  41    0.0000351  -0.00033773
  42    0.0000328  -0.00031668
  43    0.0011964  -0.00205870
  44    0.0034096  -0.00504600
  45    0.0045168  -0.00614962
  46    0.0117123  -0.01686878
  47    0.0047141  -0.00688009
  48    0.0040760  -0.00564984
  49    0.0046367  -0.00643994
  50    0.0035906  -0.00578970
  51    0.0034321  -0.00566333
  52    0.0028547  -0.00449096
  53    0.0046301  -0.00666226
  54    0.0030029  -0.00548248
  55    0.0037760  -0.00546446
  56    0.0065217  -0.00918163
  57    0.0031142  -0.00500268
  58    0.0000325  -0.00031305
  59    0.0000316  -0.00030591
  60    0.0000289  -0.00027662
  61    0.0000243  -0.00024269
  62    0.0000308  -0.00030102
  63    0.0000279  -0.00026174
  64    0.0008672  -0.00152838
  65    0.0006269  -0.00122348
  66    0.0006135  -0.00119127
  67    0.0006577  -0.00135442
  68    0.0041721  -0.00586573
  69    0.0021040  -0.00340254
  70    0.0038444  -0.00541536
  71    0.0013589  -0.00250133
  72    0.0024790  -0.00439218
  73    0.0008573  -0.00165273
  74    0.0025149  -0.00394325
  75    0.0022966  -0.00391951
  76    0.0019422  -0.00360025
  77    0.0033115  -0.00500104
  78    0.0020097  -0.00352140
  79    0.0000321  -0.00030711
  80    0.0000261  -0.00025483
  81    0.0000060  -0.00004879
  82    0.0000167  -0.00013937
  83    0.0000251  -0.00024583
  84    0.0000244  -0.00024307
  85    0.0006228  -0.00121302
  86    0.0004874  -0.00091721
  87    0.0004306  -0.00084867
  88    0.0004865  -0.00112613
  89    0.0006934  -0.00138363
  90    0.0019773  -0.00329317
  91    0.0006890  -0.00142116
  92    0.0006960  -0.00142841
  93    0.0014613  -0.00275682
  94    0.0006059  -0.00127822
  95    0.0006692  -0.00141100
  96    0.0013127  -0.00261199
  97    0.0011723  -0.00231600
  98    0.0008781  -0.00172595
  99    0.0010553  -0.00215461
 100    0.0000090  -0.00008017
 101    0.0000074  -0.00005355
 102    0.0000053  -0.00004303
 103    0.0000142  -0.00012865
 104    0.0000240  -0.00024135
 105    0.0000244  -0.00023949
 
----------------
 Final Energies 
----------------
Final NOF Total Energy =    -231.5861205
 
Total Orbital Internal Iterations = 176
Total Occupation Internal Iterations = 232
 
Elapsed time:   57.06 Seconds

---------------------------------
   Lowdin Population Analysis    
---------------------------------
 Idx  Atom   Population   Charge 
---------------------------------
  1     C     6.153      -0.153
  2     C     6.152      -0.152
  3     C     6.151      -0.151
  4     C     6.150      -0.150
  5     C     6.153      -0.153
  6     C     6.153      -0.153
  7     H     0.848       0.152
  8     H     0.850       0.150
  9     H     0.850       0.150
 10     H     0.845       0.155
 11     H     0.848       0.152
 12     H     0.847       0.153

---------------------------------
   M Diagnostic: 0.03
---------------------------------

