Computing Integrals
Elapsed time:    1.95 Seconds

Number of basis functions                   (NBF)    = 62
Number of auxiliary basis functions         (NBFAUX) = 302
Inactive Doubly occupied orbitals up to     (NO1)    = 0
No. considered Strongly Doubly occupied MOs (NDOC)   = 12
No. considered Strongly Singly occupied MOs (NSOC)   = 0
NO. of Weakly occ. per St. Doubly occ.  MOs (NCWO)   = 4
Dimension of the Nat. Orb. subspace         (NBF5)   = 60
No. of electrons                                     = 24
    No. of alpha electrons                           = 12
    No. of beta electrons                            = 12
Multiplicity                                         = 1

Geometry
========
 N      -1.5035843       0.2706130       0.5419655
 N      -0.5232982       0.4500715      -0.4991327
 C      -1.1167762       1.5791093       0.1337598
 H      -2.3950838       0.0155292       0.0588042
 H       0.4038793       0.2582618      -0.0565970
 H      -0.4549142       2.0832844       0.8709291
 H      -1.8723250       2.0908323      -0.5026324

No violations of the orthonormality
No violations of the orthonormality
 
PNOF7/ADABelief Calculation
==================
 
  Nitext  Nit_orb  Time   Nit_occ  Time         Eelec          Etot           Ediff      maxdiff    MaxGrad_orb  Grad_occ
     1      10    9.0e+00    6    1.1e+01  -222.10403064  -144.99790178 -10221.10403064   0.230223   9.2e-01   2.6e-04 0.00
     2      10    5.7e-02   15    1.6e-02  -225.29859124  -148.19246239    -3.19456061   0.116872   4.7e-01   2.2e-04 0.01
     3      10    3.9e-02   19    1.6e-02  -226.23933867  -149.13320982    -0.94074743   0.020730   8.3e-02   2.2e-04 0.02
     4      10    4.1e-02   16    1.3e-02  -226.30993759  -149.20380874    -0.07059891   0.018161   7.3e-02   1.4e-04 0.03
     5      10    4.3e-02   15    1.3e-02  -226.34203867  -149.23590982    -0.03210108   0.020518   8.2e-02   1.9e-04 0.04
     6      10    4.0e-02    9    8.7e-03  -226.35431655  -149.24818770    -0.01227788   0.021220   8.5e-02   2.5e-04 0.05
     7      10    3.8e-02    8    6.4e-03  -226.35809953  -149.25197068    -0.00378297   0.018483   7.4e-02   1.9e-04 0.06
     8      10    3.2e-02    8    1.0e-02  -226.35918860  -149.25305975    -0.00108907   0.016412   6.6e-02   1.6e-04 0.06
     9      10    3.5e-02    4    5.9e-03  -226.35956138  -149.25343253    -0.00037278   0.018808   7.5e-02   2.1e-04 0.07
    10      10    3.7e-02    2    6.3e-03  -226.35976007  -149.25363122    -0.00019869   0.014947   6.0e-02   1.9e-04 0.07
    11      10    4.4e-02    0    1.9e-03  -226.35976640  -149.25363755    -0.00000632   0.014947   6.0e-02   1.9e-04 0.07
    12      16    5.4e-02    1    4.0e-03  -226.36296904  -149.25684019    -0.00320264   0.000398   1.6e-03   1.9e-04 0.07
 
RESULTS OF THE OCCUPATION OPTIMIZATION
========================================
   1    1.9999870  -15.57300213
   2    1.9999896  -15.57300096
   3    1.9999643  -11.28054667
   4    1.9647482  -0.79452692
   5    1.9646673  -0.79360673
   6    1.9667049  -0.77228149
   7    1.9666290  -0.77226767
   8    1.9861143  -0.72242079
   9    1.9859943  -0.71872594
  10    1.9694958  -0.70826735
  11    1.9693744  -0.70785432
  12    1.9301376  -0.64143549
  13    0.0669109  -0.03771142
  14    0.0229786  -0.01697049
  15    0.0228147  -0.01689795
  16    0.0107613  -0.00884213
  17    0.0108218  -0.00885121
  18    0.0280007  -0.02178511
  19    0.0280080  -0.02179048
  20    0.0317623  -0.02417014
  21    0.0317217  -0.02416818
  22    0.0000131  -0.00014930
  23    0.0000035  -0.00006504
  24    0.0000050  -0.00008747
  25    0.0025489  -0.00244071
  26    0.0038847  -0.00384458
  27    0.0038531  -0.00383234
  28    0.0015405  -0.00204450
  29    0.0014423  -0.00194242
  30    0.0029226  -0.00333384
  31    0.0029400  -0.00334626
  32    0.0024548  -0.00266935
  33    0.0023811  -0.00262319
  34    0.0000115  -0.00012932
  35    0.0000028  -0.00002143
  36    0.0000035  -0.00005170
  37    0.0002436  -0.00033570
  38    0.0020746  -0.00239735
  39    0.0020960  -0.00240810
  40    0.0010093  -0.00142962
  41    0.0010290  -0.00144367
  42    0.0016622  -0.00214030
  43    0.0016624  -0.00214542
  44    0.0007716  -0.00112820
  45    0.0006935  -0.00105780
  46    0.0000063  -0.00006082
  47    0.0000023  -0.00001191
  48    0.0000025  -0.00001715
  49    0.0001589  -0.00025558
  50    0.0016877  -0.00202184
  51    0.0017404  -0.00205712
  52    0.0006946  -0.00103008
  53    0.0005926  -0.00094692
  54    0.0007854  -0.00104583
  55    0.0006847  -0.00095344
  56    0.0003440  -0.00055885
  57    0.0004555  -0.00066490
  58    0.0000048  -0.00005248
  59    0.0000019  -0.00001296
  60    0.0000021  -0.00001618
 
----------------
 Final Energies 
----------------
Final NOF Total Energy =    -149.2568402
 
Total Orbital Internal Iterations = 126
Total Occupation Internal Iterations = 103
 
Elapsed time:   27.44 Seconds

---------------------------------
   Lowdin Population Analysis    
---------------------------------
 Idx  Atom   Population   Charge 
---------------------------------
  1     N     7.258      -0.258
  2     N     7.258      -0.258
  3     C     6.144      -0.144
  4     H     0.798       0.202
  5     H     0.798       0.202
  6     H     0.872       0.128
  7     H     0.872       0.128

---------------------------------
   M Diagnostic: 0.07
---------------------------------

