Computing Integrals
Elapsed time:    1.71 Seconds

Number of basis functions                   (NBF)    = 62
Number of auxiliary basis functions         (NBFAUX) = 302
Inactive Doubly occupied orbitals up to     (NO1)    = 0
No. considered Strongly Doubly occupied MOs (NDOC)   = 12
No. considered Strongly Singly occupied MOs (NSOC)   = 0
NO. of Weakly occ. per St. Doubly occ.  MOs (NCWO)   = 4
Dimension of the Nat. Orb. subspace         (NBF5)   = 60
No. of electrons                                     = 24
    No. of alpha electrons                           = 12
    No. of beta electrons                            = 12
Multiplicity                                         = 1

Geometry
========
 N      -1.5035843       0.2706130       0.5419655
 N      -0.5232982       0.4500715      -0.4991327
 C      -1.1167762       1.5791093       0.1337598
 H      -2.3950838       0.0155292       0.0588042
 H       0.4038793       0.2582618      -0.0565970
 H      -0.4549142       2.0832844       0.8709291
 H      -1.8723250       2.0908323      -0.5026324

No violations of the orthonormality
No violations of the orthonormality
 
PNOF8/ADABelief Calculation
==================
 
  Nitext  Nit_orb  Time   Nit_occ  Time         Eelec          Etot           Ediff      maxdiff    MaxGrad_orb  Grad_occ
     1      10    8.9e+00    9    1.1e+01  -222.47792390  -145.37179505 -10221.47792390   0.261864   1.0e+00   1.2e-04 0.00
     2      10    6.2e-02   39    3.0e-02  -225.19260411  -148.08647526    -2.71468021   0.137465   5.5e-01   1.9e-04 0.03
     3      10    3.8e-02   24    1.9e-02  -226.31054676  -149.20441791    -1.11794265   0.110139   4.4e-01   2.5e-04 0.03
     4      10    3.9e-02   25    4.7e-02  -226.55836116  -149.45223230    -0.24781439   0.041874   1.7e-01   1.9e-04 0.03
     5      10    3.5e-02   16    1.2e-02  -226.59051021  -149.48438136    -0.03214905   0.018996   7.6e-02   2.1e-04 0.03
     6      10    4.0e-02   16    1.3e-02  -226.60687243  -149.50074357    -0.01636222   0.019108   7.6e-02   1.9e-04 0.03
     7      10    4.0e-02   12    1.1e-02  -226.61620928  -149.51008042    -0.00933685   0.018730   7.5e-02   2.2e-04 0.03
     8      10    5.0e-02   13    8.0e-03  -226.62110919  -149.51498034    -0.00489992   0.017891   7.2e-02   1.9e-04 0.03
     9      10    3.1e-02   15    1.5e-02  -226.62363386  -149.51750501    -0.00252467   0.017297   6.9e-02   1.4e-04 0.03
    10      10    3.8e-02    8    1.5e-02  -226.62495932  -149.51883047    -0.00132546   0.018494   7.4e-02   2.2e-04 0.03
    11      10    3.7e-02    9    1.0e-02  -226.62596168  -149.51983283    -0.00100236   0.028398   1.1e-01   1.9e-04 0.03
    12      10    3.5e-02   12    1.1e-02  -226.62677889  -149.52065004    -0.00081721   0.016511   6.6e-02   1.5e-04 0.03
    13      10    3.9e-02   12    1.2e-02  -226.62767105  -149.52154220    -0.00089216   0.022572   9.0e-02   1.3e-04 0.03
    14      10    3.7e-02   10    8.4e-03  -226.62873917  -149.52261031    -0.00106811   0.019031   7.6e-02   1.5e-04 0.03
    15      10    3.7e-02   10    9.8e-03  -226.62922349  -149.52309464    -0.00048433   0.017736   7.1e-02   1.4e-04 0.03
    16      10    7.2e-02   10    1.1e-02  -226.62974813  -149.52361928    -0.00052463   0.021342   8.5e-02   1.3e-04 0.03
    17      10    2.9e-02    9    1.5e-02  -226.62999351  -149.52386466    -0.00024539   0.018208   7.3e-02   1.6e-04 0.03
    18      10    3.1e-02   10    1.3e-02  -226.63031567  -149.52418682    -0.00032216   0.016583   6.6e-02   1.2e-04 0.03
    19      10    3.4e-02    7    7.1e-03  -226.63043743  -149.52430858    -0.00012177   0.017016   6.8e-02   1.9e-04 0.03
    20      10    3.4e-02    6    5.1e-03  -226.63075644  -149.52462759    -0.00031901   0.017454   7.0e-02   2.1e-04 0.03
    21      10    3.8e-02    6    8.1e-03  -226.63094812  -149.52481927    -0.00019168   0.016925   6.8e-02   1.2e-04 0.03
    22      10    3.3e-02    5    6.0e-03  -226.63113754  -149.52500869    -0.00018942   0.016732   6.7e-02   2.3e-04 0.03
    23      10    3.4e-02    6    8.6e-03  -226.63138507  -149.52525622    -0.00024753   0.022089   8.8e-02   1.5e-04 0.03
    24      10    3.4e-02    6    7.6e-03  -226.63192946  -149.52580061    -0.00054439   0.017363   6.9e-02   1.3e-04 0.03
    25      10    3.6e-02    0    3.6e-03  -226.63202968  -149.52590083    -0.00010022   0.017363   6.9e-02   1.3e-04 0.03
    26      16    5.1e-02    5    7.1e-03  -226.63531891  -149.52919006    -0.00328923   0.000463   1.9e-03   2.3e-04 0.03
 
RESULTS OF THE OCCUPATION OPTIMIZATION
========================================
   1    1.9999845  -15.59165461
   2    1.9999628  -14.46349342
   3    1.9999283  -12.41494629
   4    1.9900894  -1.06835964
   5    1.9873019  -0.97383951
   6    1.9847222  -0.91482940
   7    1.9706296  -0.65186129
   8    1.9700472  -0.64702868
   9    1.9709684  -0.61556527
  10    1.9688679  -0.61226864
  11    1.9689052  -0.60894239
  12    1.9647580  -0.58781742
  13    0.0311937  -0.04516856
  14    0.0264908  -0.03655423
  15    0.0264230  -0.03652140
  16    0.0133981  -0.01736447
  17    0.0206809  -0.02647903
  18    0.0211569  -0.02685747
  19    0.0076043  -0.01177763
  20    0.0081340  -0.01202600
  21    0.0047330  -0.00706371
  22    0.0000192  -0.00024380
  23    0.0000137  -0.00019809
  24    0.0000090  -0.00014454
  25    0.0034322  -0.00628218
  26    0.0037381  -0.00644415
  27    0.0038174  -0.00650705
  28    0.0128201  -0.01711856
  29    0.0044133  -0.00745072
  30    0.0042038  -0.00723570
  31    0.0046950  -0.00816970
  32    0.0024171  -0.00488741
  33    0.0024016  -0.00422838
  34    0.0000186  -0.00024262
  35    0.0000132  -0.00018676
  36    0.0000029  -0.00003465
  37    0.0003223  -0.00077254
  38    0.0004902  -0.00105228
  39    0.0005114  -0.00107534
  40    0.0021466  -0.00375538
  41    0.0033581  -0.00586568
  42    0.0034777  -0.00602610
  43    0.0018041  -0.00375848
  44    0.0014061  -0.00291698
  45    0.0016641  -0.00314377
  46    0.0000180  -0.00022793
  47    0.0000063  -0.00008512
  48    0.0000020  -0.00001887
  49    0.0002938  -0.00071423
  50    0.0003757  -0.00088314
  51    0.0003803  -0.00088339
  52    0.0006669  -0.00133885
  53    0.0015005  -0.00309565
  54    0.0005321  -0.00110151
  55    0.0011744  -0.00254127
  56    0.0007409  -0.00155112
  57    0.0011120  -0.00222921
  58    0.0000159  -0.00020653
  59    0.0000041  -0.00004643
  60    0.0000016  -0.00001308
 
----------------
 Final Energies 
----------------
Final NOF Total Energy =    -149.5291901
 
Total Orbital Internal Iterations = 266
Total Occupation Internal Iterations = 300
 
Elapsed time:   28.11 Seconds

---------------------------------
   Lowdin Population Analysis    
---------------------------------
 Idx  Atom   Population   Charge 
---------------------------------
  1     N     7.267      -0.267
  2     N     7.266      -0.266
  3     C     6.171      -0.171
  4     H     0.790       0.210
  5     H     0.790       0.210
  6     H     0.858       0.142
  7     H     0.858       0.142

---------------------------------
   M Diagnostic: 0.03
---------------------------------

