Computing Integrals
Elapsed time:    1.70 Seconds

Number of basis functions                   (NBF)    = 62
Number of auxiliary basis functions         (NBFAUX) = 302
Inactive Doubly occupied orbitals up to     (NO1)    = 0
No. considered Strongly Doubly occupied MOs (NDOC)   = 12
No. considered Strongly Singly occupied MOs (NSOC)   = 0
NO. of Weakly occ. per St. Doubly occ.  MOs (NCWO)   = 4
Dimension of the Nat. Orb. subspace         (NBF5)   = 60
No. of electrons                                     = 24
    No. of alpha electrons                           = 12
    No. of beta electrons                            = 12
Multiplicity                                         = 1

Geometry
========
 N      -1.5035843       0.2706130       0.5419655
 N      -0.5232982       0.4500715      -0.4991327
 C      -1.1167762       1.5791093       0.1337598
 H      -2.3950838       0.0155292       0.0588042
 H       0.4038793       0.2582618      -0.0565970
 H      -0.4549142       2.0832844       0.8709291
 H      -1.8723250       2.0908323      -0.5026324

No violations of the orthonormality
No violations of the orthonormality
 
PNOF9/ADABelief Calculation
==================
 
  Nitext  Nit_orb  Time   Nit_occ  Time         Eelec          Etot           Ediff      maxdiff    MaxGrad_orb  Grad_occ
     1      10    9.0e+00    9    1.1e+01  -222.46893732  -145.36280847 -10221.46893732   0.285049   1.1e+00   1.6e-04 0.00
     2      10    6.0e-02   50    3.4e-02  -225.19108625  -148.08495740    -2.72214893   0.063773   2.5e-01   1.5e-04 0.03
     3      10    3.9e-02   26    4.2e-02  -226.21468202  -149.10855317    -1.02359577   0.114270   4.6e-01   2.1e-04 0.03
     4      10    3.8e-02   31    2.1e-02  -226.57891101  -149.47278216    -0.36422899   0.052303   2.1e-01   2.0e-04 0.03
     5      10    3.8e-02   22    1.7e-02  -226.62032586  -149.51419701    -0.04141485   0.027380   1.1e-01   1.6e-04 0.03
     6      10    4.0e-02   22    1.7e-02  -226.63420029  -149.52807143    -0.01387443   0.018369   7.3e-02   2.0e-04 0.03
     7      10    3.7e-02   17    3.6e-02  -226.64380016  -149.53767130    -0.00959987   0.018698   7.5e-02   2.0e-04 0.03
     8      10    2.9e-02   11    1.3e-02  -226.64970746  -149.54357861    -0.00590731   0.018783   7.5e-02   2.7e-04 0.03
     9      10    3.3e-02   15    1.3e-02  -226.65268368  -149.54655483    -0.00297622   0.016702   6.7e-02   1.8e-04 0.03
    10      10    3.7e-02   14    1.1e-02  -226.65506407  -149.54893522    -0.00238040   0.017797   7.1e-02   1.6e-04 0.03
    11      10    4.3e-02    9    7.7e-03  -226.65677781  -149.55064896    -0.00171373   0.016600   6.6e-02   1.7e-04 0.03
    12      10    3.4e-02    9    1.1e-02  -226.65782827  -149.55169942    -0.00105047   0.016370   6.5e-02   1.3e-04 0.03
    13      10    3.9e-02    6    7.5e-03  -226.65863871  -149.55250986    -0.00081044   0.022195   8.9e-02   2.2e-04 0.03
    14      10    3.9e-02    8    1.0e-02  -226.65885838  -149.55272952    -0.00021966   0.017561   7.0e-02   1.7e-04 0.03
    15      10    3.6e-02    0    1.9e-03  -226.65890585  -149.55277700    -0.00004747   0.017561   7.0e-02   1.7e-04 0.03
    16      16    5.2e-02    6    7.8e-03  -226.66225532  -149.55612647    -0.00334947   0.000466   1.9e-03   1.8e-04 0.03
 
RESULTS OF THE OCCUPATION OPTIMIZATION
========================================
   1    1.9999761  -15.58976314
   2    1.9999445  -13.65836112
   3    1.9999225  -13.21607802
   4    1.9908769  -1.34057234
   5    1.9826157  -0.92504323
   6    1.9769321  -0.83253539
   7    1.9730969  -0.67935346
   8    1.9701594  -0.61422226
   9    1.9675246  -0.59116360
  10    1.9676115  -0.58440842
  11    1.9688832  -0.57500904
  12    1.9631408  -0.56349045
  13    0.0326989  -0.04540036
  14    0.0206003  -0.02549179
  15    0.0272232  -0.03601092
  16    0.0280217  -0.03662512
  17    0.0231619  -0.02740173
  18    0.0179538  -0.02098862
  19    0.0161818  -0.01996988
  20    0.0079471  -0.01140518
  21    0.0033451  -0.00557092
  22    0.0000230  -0.00026163
  23    0.0000220  -0.00026030
  24    0.0000140  -0.00018982
  25    0.0034103  -0.00620699
  26    0.0055340  -0.00855823
  27    0.0042427  -0.00695315
  28    0.0036966  -0.00609296
  29    0.0039837  -0.00645281
  30    0.0041265  -0.00609940
  31    0.0045929  -0.00698348
  32    0.0062195  -0.00955858
  33    0.0024930  -0.00437734
  34    0.0000214  -0.00025019
  35    0.0000173  -0.00021390
  36    0.0000045  -0.00004391
  37    0.0004588  -0.00098709
  38    0.0034728  -0.00591359
  39    0.0005205  -0.00108627
  40    0.0003841  -0.00082534
  41    0.0018575  -0.00356055
  42    0.0041146  -0.00588794
  43    0.0016047  -0.00294472
  44    0.0024361  -0.00453798
  45    0.0019235  -0.00337903
  46    0.0000166  -0.00020907
  47    0.0000098  -0.00010733
  48    0.0000030  -0.00002417
  49    0.0002912  -0.00070448
  50    0.0015097  -0.00309756
  51    0.0004021  -0.00088838
  52    0.0003731  -0.00084352
  53    0.0008374  -0.00170385
  54    0.0007082  -0.00138544
  55    0.0006884  -0.00141665
  56    0.0007815  -0.00152202
  57    0.0013616  -0.00259279
  58    0.0000165  -0.00020772
  59    0.0000064  -0.00005828
  60    0.0000025  -0.00001584
 
----------------
 Final Energies 
----------------
Final NOF Total Energy =    -149.5561265
 
Total Orbital Internal Iterations = 166
Total Occupation Internal Iterations = 255
 
Elapsed time:   27.72 Seconds

---------------------------------
   Lowdin Population Analysis    
---------------------------------
 Idx  Atom   Population   Charge 
---------------------------------
  1     N     7.264      -0.264
  2     N     7.263      -0.263
  3     C     6.171      -0.171
  4     H     0.791       0.209
  5     H     0.789       0.211
  6     H     0.862       0.138
  7     H     0.860       0.140

---------------------------------
   M Diagnostic: 0.03
---------------------------------

