Computing Integrals
Elapsed time:    1.99 Seconds

Number of basis functions                   (NBF)    = 62
Number of auxiliary basis functions         (NBFAUX) = 302
Inactive Doubly occupied orbitals up to     (NO1)    = 0
No. considered Strongly Doubly occupied MOs (NDOC)   = 12
No. considered Strongly Singly occupied MOs (NSOC)   = 0
NO. of Weakly occ. per St. Doubly occ.  MOs (NCWO)   = 4
Dimension of the Nat. Orb. subspace         (NBF5)   = 60
No. of electrons                                     = 24
    No. of alpha electrons                           = 12
    No. of beta electrons                            = 12
Multiplicity                                         = 1

Geometry
========
 N      -1.5035843       0.2706130       0.5419655
 N      -0.5232982       0.4500715      -0.4991327
 C      -1.1167762       1.5791093       0.1337598
 H      -2.3950838       0.0155292       0.0588042
 H       0.4038793       0.2582618      -0.0565970
 H      -0.4549142       2.0832844       0.8709291
 H      -1.8723250       2.0908323      -0.5026324

No violations of the orthonormality
No violations of the orthonormality
 
PNOF4/ADABelief Calculation
==================
 
  Nitext  Nit_orb  Time   Nit_occ  Time         Eelec          Etot           Ediff      maxdiff    MaxGrad_orb  Grad_occ
     1      10    9.0e+00   15    1.1e+01  -221.97852892  -144.87240007 -10220.97852892   0.264111   1.1e+00   1.6e-04 0.00
     2      10    6.8e-02   20    2.0e-01  -224.85257597  -147.74644712    -2.87404705   0.185699   7.4e-01   2.3e-04 0.00
     3      10    9.2e-02    9    1.0e-01  -225.98249995  -148.87637109    -1.12992397   0.071145   2.8e-01   2.5e-04 0.01
     4      10    5.2e-02   11    1.5e-01  -226.16318374  -149.05705488    -0.18068379   0.024106   9.6e-02   2.1e-04 0.01
     5      10    6.0e-02    5    7.8e-02  -226.17049725  -149.06436840    -0.00731351   0.022116   8.8e-02   2.3e-04 0.01
     6      10    3.5e-02    4    1.1e-01  -226.17285566  -149.06672681    -0.00235841   0.019973   8.0e-02   2.2e-04 0.01
     7      10    3.0e-02    1    2.6e-02  -226.17358418  -149.06745533    -0.00072852   0.017699   7.1e-02   2.3e-04 0.01
     8      10    3.6e-02    3    5.7e-02  -226.17381778  -149.06768893    -0.00023360   0.017737   7.1e-02   2.4e-04 0.01
     9      10    2.9e-02    0    6.4e-03  -226.17401349  -149.06788464    -0.00019571   0.017737   7.1e-02   2.4e-04 0.01
    10      16    4.5e-02    1    5.6e-02  -226.17755592  -149.07142707    -0.00354244   0.000395   1.6e-03   1.6e-04 0.01
 
RESULTS OF THE OCCUPATION OPTIMIZATION
========================================
   1    1.9999890  -13.51331311
   2    1.9999892  -15.30833225
   3    1.9989713  -0.90954334
   4    1.9979339  -0.92486594
   5    1.9959356  -0.58640993
   6    1.9967162  -0.98021915
   7    1.9979384  -0.92916120
   8    1.9954946  -0.65732766
   9    1.9999865  -13.58346368
  10    1.9946427  -0.54620113
  11    1.9923175  -0.49672858
  12    1.9886070  -0.50672517
  13    0.0105164  -0.00891987
  14    0.0067571  -0.00488255
  15    0.0049770  -0.00353146
  16    0.0000060  -0.00002464
  17    0.0034710  -0.00254107
  18    0.0010943  -0.00103419
  19    0.0018283  -0.00148630
  20    0.0031815  -0.00229649
  21    0.0017255  -0.00156460
  22    0.0009336  -0.00088631
  23    0.0000041  -0.00001753
  24    0.0000051  -0.00001994
  25    0.0005392  -0.00066213
  26    0.0005784  -0.00067222
  27    0.0002143  -0.00031069
  28    0.0000035  -0.00001572
  29    0.0007983  -0.00078096
  30    0.0008763  -0.00077005
  31    0.0010379  -0.00106174
  32    0.0006485  -0.00065591
  33    0.0002174  -0.00029736
  34    0.0000621  -0.00008388
  35    0.0000035  -0.00001420
  36    0.0000032  -0.00001351
  37    0.0002961  -0.00039757
  38    0.0002956  -0.00036573
  39    0.0001288  -0.00015918
  40    0.0000022  -0.00001026
  41    0.0001382  -0.00019055
  42    0.0000554  -0.00006735
  43    0.0003284  -0.00037339
  44    0.0001667  -0.00021024
  45    0.0000815  -0.00013735
  46    0.0000191  -0.00003900
  47    0.0000017  -0.00000597
  48    0.0000013  -0.00000376
  49    0.0000414  -0.00006007
  50    0.0000514  -0.00006910
  51    0.0000372  -0.00005424
  52    0.0000018  -0.00000873
  53    0.0000980  -0.00015059
  54    0.0000357  -0.00005335
  55    0.0000891  -0.00014398
  56    0.0000677  -0.00010705
  57    0.0000417  -0.00005671
  58    0.0000139  -0.00003497
  59    0.0000015  -0.00000469
  60    0.0000013  -0.00000280
 
----------------
 Final Energies 
----------------
Final NOF Total Energy =    -149.0714271
 
Total Orbital Internal Iterations = 106
Total Occupation Internal Iterations = 69
 
Elapsed time:   27.98 Seconds

---------------------------------
   Lowdin Population Analysis    
---------------------------------
 Idx  Atom   Population   Charge 
---------------------------------
  1     N     7.279      -0.279
  2     N     7.279      -0.279
  3     C     6.157      -0.157
  4     H     0.784       0.216
  5     H     0.783       0.217
  6     H     0.859       0.141
  7     H     0.859       0.141

---------------------------------
   M Diagnostic: 0.01
---------------------------------

