Computing Integrals
Elapsed time:    1.74 Seconds

Number of basis functions                   (NBF)    = 24
Number of auxiliary basis functions         (NBFAUX) = 116
Inactive Doubly occupied orbitals up to     (NO1)    = 0
No. considered Strongly Doubly occupied MOs (NDOC)   = 5
No. considered Strongly Singly occupied MOs (NSOC)   = 0
NO. of Weakly occ. per St. Doubly occ.  MOs (NCWO)   = 3
Dimension of the Nat. Orb. subspace         (NBF5)   = 20
No. of electrons                                     = 10
    No. of alpha electrons                           = 5
    No. of beta electrons                            = 5
Multiplicity                                         = 1

Geometry
========
 O       0.0000000       0.0000000       0.1210000
 H       0.0000000       0.7510000      -0.4850000
 H       0.0000000      -0.7510000      -0.4850000

No violations of the orthonormality
No violations of the orthonormality
 
PNOF5/ADABelief Calculation
==================
 
  Nitext  Nit_orb  Time   Nit_occ  Time         Eelec          Etot           Ediff      maxdiff    MaxGrad_orb  Grad_occ
     1      10    9.2e+00    9    1.1e+01   -83.57542718   -74.44926470 -10082.57542718   0.525688   2.1e+00   1.8e-04 0.00
     2      10    2.2e-03    9    5.7e-04   -84.93337675   -75.80721428    -1.35794958   0.228516   9.1e-01   2.0e-04 0.01
     3      10    1.9e-02   10    4.8e-04   -85.19234022   -76.06617775    -0.25896347   0.070382   2.8e-01   1.4e-04 0.01
     4      10    2.7e-03    5    3.5e-04   -85.21669574   -76.09053327    -0.02435552   0.023493   9.4e-02   2.4e-04 0.01
     5      10    7.8e-03    9    4.1e-04   -85.22414096   -76.09797848    -0.00744521   0.019961   8.0e-02   7.9e-05 0.02
     6      10    2.1e-03    4    3.1e-04   -85.22806571   -76.10190324    -0.00392476   0.017900   7.2e-02   1.1e-04 0.02
     7      10    3.7e-03    6    3.4e-04   -85.22959166   -76.10342918    -0.00152595   0.021503   8.6e-02   8.1e-05 0.02
     8      10    1.9e-03    2    2.4e-04   -85.23027595   -76.10411348    -0.00068429   0.018736   7.5e-02   1.3e-04 0.02
     9      10    1.9e-03    1    2.2e-04   -85.23029059   -76.10412811    -0.00001463   0.018689   7.5e-02   1.3e-04 0.02
    10      10    4.3e-03    0    1.9e-04   -85.23035720   -76.10419473    -0.00006662   0.021041   8.4e-02   1.8e-04 0.02
    11      20    5.0e-03    0    1.7e-04   -85.23093960   -76.10477713    -0.00058240   0.000562   2.2e-03   1.2e-04 0.02
 
RESULTS OF THE OCCUPATION OPTIMIZATION
========================================
   1    1.9999982  -20.55366581
   2    1.9796547  -0.86267577
   3    1.9796284  -0.86265010
   4    1.9922016  -0.72651906
   5    1.9917128  -0.71317826
   6    0.0072243  -0.00840058
   7    0.0069787  -0.00828612
   8    0.0177029  -0.01755170
   9    0.0176407  -0.01752128
  10    0.0000007  -0.00001637
  11    0.0007568  -0.00134472
  12    0.0004554  -0.00090567
  13    0.0018030  -0.00237556
  14    0.0018097  -0.00237797
  15    0.0000006  -0.00001508
  16    0.0003061  -0.00065347
  17    0.0003642  -0.00077176
  18    0.0008658  -0.00132334
  19    0.0008949  -0.00134501
  20    0.0000005  -0.00000026
 
----------------
 Final Energies 
----------------
Final NOF Total Energy =     -76.1047771
 
Total Orbital Internal Iterations = 120
Total Occupation Internal Iterations = 55
 
Elapsed time:   27.15 Seconds

---------------------------------
   Lowdin Population Analysis    
---------------------------------
 Idx  Atom   Population   Charge 
---------------------------------
  1     O     8.462      -0.462
  2     H     0.769       0.231
  3     H     0.769       0.231

---------------------------------
   M Diagnostic: 0.02
---------------------------------

