Computing Integrals
Elapsed time:    1.69 Seconds

Number of basis functions                   (NBF)    = 24
Number of auxiliary basis functions         (NBFAUX) = 116
Inactive Doubly occupied orbitals up to     (NO1)    = 0
No. considered Strongly Doubly occupied MOs (NDOC)   = 5
No. considered Strongly Singly occupied MOs (NSOC)   = 0
NO. of Weakly occ. per St. Doubly occ.  MOs (NCWO)   = 3
Dimension of the Nat. Orb. subspace         (NBF5)   = 20
No. of electrons                                     = 10
    No. of alpha electrons                           = 5
    No. of beta electrons                            = 5
Multiplicity                                         = 1

Geometry
========
 O       0.0000000       0.0000000       0.1210000
 H       0.0000000       0.7510000      -0.4850000
 H       0.0000000      -0.7510000      -0.4850000

No violations of the orthonormality
No violations of the orthonormality
 
PNOF4/ADABelief Calculation
==================
 
  Nitext  Nit_orb  Time   Nit_occ  Time         Eelec          Etot           Ediff      maxdiff    MaxGrad_orb  Grad_occ
     1      10    8.9e+00   20    1.1e+01   -82.70933183   -73.58316936 -10081.70933183   0.559659   2.2e+00   1.5e-04 0.00
     2      10    1.9e-02    9    2.7e-02   -84.42383031   -75.29766784    -1.71449848   0.221439   8.9e-01   1.5e-04 0.01
     3      10    2.4e-03    7    7.4e-03   -85.10638464   -75.98022216    -0.68255433   0.083273   3.3e-01   1.9e-04 0.01
     4      10    6.5e-03    5    6.2e-03   -85.19829080   -76.07212832    -0.09190616   0.019686   7.9e-02   1.8e-04 0.01
     5      10    2.4e-03    3    5.5e-03   -85.20188372   -76.07572124    -0.00359292   0.022075   8.8e-02   2.3e-04 0.01
     6      10    2.0e-03    1    4.7e-03   -85.20268402   -76.07652154    -0.00080030   0.022732   9.1e-02   2.1e-04 0.01
     7      10    1.8e-03    3    5.8e-03   -85.20289055   -76.07672807    -0.00020653   0.019149   7.7e-02   8.5e-05 0.01
     8      10    2.0e-03    1    4.5e-03   -85.20308634   -76.07692387    -0.00019580   0.018036   7.2e-02   1.3e-04 0.01
     9      10    1.8e-03    1    4.8e-03   -85.20318399   -76.07702151    -0.00009764   0.018452   7.4e-02   1.8e-04 0.01
    10      10    2.0e-03    0    3.3e-04   -85.20319239   -76.07702992    -0.00000840   0.018452   7.4e-02   1.8e-04 0.01
    11      16    7.1e-03    1    1.3e-03   -85.20371432   -76.07755185    -0.00052193   0.000458   1.8e-03   2.1e-04 0.01
 
RESULTS OF THE OCCUPATION OPTIMIZATION
========================================
   1    1.9999831  -20.52623937
   2    1.9960363  -1.34058857
   3    1.9947990  -0.54216756
   4    1.9911154  -0.66748516
   5    1.9913329  -0.60329189
   6    0.0066935  -0.00712532
   7    0.0077898  -0.00838052
   8    0.0031166  -0.00317068
   9    0.0015589  -0.00205022
  10    0.0000108  -0.00007756
  11    0.0018275  -0.00253395
  12    0.0009957  -0.00181240
  13    0.0018804  -0.00225056
  14    0.0012780  -0.00199649
  15    0.0000037  -0.00004638
  16    0.0001461  -0.00030126
  17    0.0000992  -0.00018935
  18    0.0002040  -0.00032430
  19    0.0011269  -0.00187779
  20    0.0000024  -0.00003237
 
----------------
 Final Energies 
----------------
Final NOF Total Energy =     -76.0775518
 
Total Orbital Internal Iterations = 116
Total Occupation Internal Iterations = 51
 
Elapsed time:   26.45 Seconds

---------------------------------
   Lowdin Population Analysis    
---------------------------------
 Idx  Atom   Population   Charge 
---------------------------------
  1     O     8.477      -0.477
  2     H     0.761       0.239
  3     H     0.762       0.238

---------------------------------
   M Diagnostic: 0.01
---------------------------------

