Computing Integrals
Elapsed time:    1.76 Seconds

Number of basis functions                   (NBF)    = 24
Number of auxiliary basis functions         (NBFAUX) = 116
Inactive Doubly occupied orbitals up to     (NO1)    = 0
No. considered Strongly Doubly occupied MOs (NDOC)   = 5
No. considered Strongly Singly occupied MOs (NSOC)   = 0
NO. of Weakly occ. per St. Doubly occ.  MOs (NCWO)   = 3
Dimension of the Nat. Orb. subspace         (NBF5)   = 20
No. of electrons                                     = 10
    No. of alpha electrons                           = 5
    No. of beta electrons                            = 5
Multiplicity                                         = 1

Geometry
========
 O       0.0000000       0.0000000       0.1210000
 H       0.0000000       0.7510000      -0.4850000
 H       0.0000000      -0.7510000      -0.4850000

No violations of the orthonormality
No violations of the orthonormality
 
PNOF7/ADABelief Calculation
==================
 
  Nitext  Nit_orb  Time   Nit_occ  Time         Eelec          Etot           Ediff      maxdiff    MaxGrad_orb  Grad_occ
     1      10    9.2e+00    7    1.1e+01   -83.69674916   -74.57058668 -10082.69674916   0.491016   2.0e+00   1.9e-04 0.00
     2      10    2.1e-03   12    1.9e-02   -84.95332657   -75.82716409    -1.25657741   0.198269   7.9e-01   1.3e-04 0.01
     3      10    2.2e-03    9    5.3e-04   -85.20646591   -76.08030344    -0.25313934   0.039325   1.6e-01   1.9e-04 0.01
     4      10    2.8e-03    5    5.3e-04   -85.22895956   -76.10279709    -0.02249365   0.022840   9.1e-02   2.3e-04 0.02
     5      10    2.0e-03    7    3.9e-04   -85.23406119   -76.10789872    -0.00510163   0.018124   7.2e-02   1.5e-04 0.02
     6      10    1.8e-03    7    3.7e-04   -85.23673448   -76.11057200    -0.00267328   0.022802   9.1e-02   9.3e-05 0.03
     7      10    3.6e-03    6    3.4e-04   -85.24096213   -76.11479965    -0.00422765   0.022967   9.2e-02   1.2e-04 0.03
     8      10    4.2e-03    6    3.3e-04   -85.24393861   -76.11777614    -0.00297649   0.020020   8.0e-02   9.0e-05 0.03
     9      10    2.3e-03    4    3.2e-04   -85.24507454   -76.11891206    -0.00113593   0.019529   7.8e-02   1.4e-04 0.03
    10      10    3.5e-03    2    2.3e-04   -85.24548508   -76.11932261    -0.00041055   0.018646   7.5e-02   2.1e-04 0.03
    11      10    3.4e-03    3    2.4e-04   -85.24567766   -76.11951519    -0.00019258   0.019712   7.9e-02   1.3e-04 0.03
    12      10    1.8e-03    1    1.8e-04   -85.24575031   -76.11958784    -0.00007265   0.021278   8.5e-02   1.4e-04 0.03
    13      10    3.2e-03    0    1.8e-04   -85.24575147   -76.11958899    -0.00000116   0.021278   8.5e-02   1.4e-04 0.03
    14      18    4.5e-03    0    1.8e-04   -85.24636224   -76.12019977    -0.00061078   0.000424   1.7e-03   2.1e-04 0.03
 
RESULTS OF THE OCCUPATION OPTIMIZATION
========================================
   1    1.9999906  -20.55381293
   2    1.9703485  -0.83996104
   3    1.9702235  -0.83964046
   4    1.9881486  -0.75770431
   5    1.9879421  -0.74625182
   6    0.0106911  -0.01058780
   7    0.0101197  -0.01033958
   8    0.0258584  -0.02245703
   9    0.0256974  -0.02239355
  10    0.0000038  -0.00008398
  11    0.0007605  -0.00138896
  12    0.0012818  -0.00208549
  13    0.0026012  -0.00314129
  14    0.0026229  -0.00315274
  15    0.0000031  -0.00007765
  16    0.0006064  -0.00120320
  17    0.0004499  -0.00088441
  18    0.0013169  -0.00185032
  19    0.0013311  -0.00185872
  20    0.0000025  -0.00003504
 
----------------
 Final Energies 
----------------
Final NOF Total Energy =     -76.1201998
 
Total Orbital Internal Iterations = 148
Total Occupation Internal Iterations = 69
 
Elapsed time:   27.10 Seconds

---------------------------------
   Lowdin Population Analysis    
---------------------------------
 Idx  Atom   Population   Charge 
---------------------------------
  1     O     8.455      -0.455
  2     H     0.773       0.227
  3     H     0.773       0.227

---------------------------------
   M Diagnostic: 0.03
---------------------------------

